not checking hosts
Failed to transition cluster:
failed to get cluster state: failed to build terraform state: no state
