{
  "blue": {
    "count": 3,
    "version": "0.3.1"
  },
  "green": {
    "count": 0,
    "version": "0.1.0"
  }
}
