{
  "blue": {
    "count": 3,
    "version": "0.10.15"
  },
  "green": {
    "count": 13,
    "version": "0.1.0"
  }
}
